JsonWebTokenError: jwt malformed
    at module.exports [as verify] (D:\vscode\home_stay\backend\node_modules\jsonwebtoken\verify.js:70:17)
    at getActiveInfo (D:\vscode\home_stay\backend\src\controllers\PeriodicPaymentController.ts:160:27)
    at Layer.handleRequest (D:\vscode\home_stay\backend\node_modules\router\lib\layer.js:152:17)
    at next (D:\vscode\home_stay\backend\node_modules\router\lib\route.js:157:13)
    at Route.dispatch (D:\vscode\home_stay\backend\node_modules\router\lib\route.js:117:3)
    at handle (D:\vscode\home_stay\backend\node_modules\router\index.js:435:11)
    at Layer.handleRequest (D:\vscode\home_stay\backend\node_modules\router\lib\layer.js:152:17)
    at D:\vscode\home_stay\backend\node_modules\router\index.js:295:15
    at processParams (D:\vscode\home_stay\backend\node_modules\router\index.js:582:12)
    at next (D:\vscode\home_stay\backend\node_modules\router\index.js:291:5)